u start user code[0m
[0;32mI (210) cpu_start: cpu freq: 160000000 Hz[0m
[0;32mI (210) cpu_start: Application information:[0m
[0;32mI (213) cpu_start: Project name:     slave_content[0m
[0;32mI (219) cpu_start: App version:      42813d6-dirty[0m
[0;32mI (224) cpu_start: Compile time:     Apr 10 2024 14:28:01[0m
[0;32mI (230ï¿½ets Jul 29 2019 12:21:46

rst:0x1 (POWERON_RESET),boot:0x13 (SPI_FAST_FLASH_BOOT)
configsip: 0, SPIWP:0xee
clk_drv:0x00,q_drv:0x00,d_drv:0x00,cs0_drv:0x00,hd_drv:0x00,wp_drv:0x00
mode:DIO, clock div:2
load:0x3fff0030,len:7172
load:0x40078000,len:15556
load:0x40080400,len:4
ho 8 tail 4 room 4
load:0x40080404,len:3904
entry 0x40080640
[0;32mI (31) boot: ESP-IDF v5.3-dev-1922-g5454d37d49 2nd stage bootloader[0m
[0;32mI (31) boot: compile time Apr 10 2024 14:28:06[0m
[0;32mI (33) boot: Multicore bootloader[0m
[0;32mI (37) boot: chip revision: v3.1[0m
[0;32mI (41) boot.esp32: SPI Speed      : 40MHz[0m
[0;32mI (45) boot.esp32: SPI Mode       : DIO[0m
[0;32mI (50) boot.esp32: SPI Flash Size : 2MB[0m
[0;32mI (54) boot: Enabling RNG early entropy source...[0m
[0;32mI (60) boot: Partition Table:[0m
[0;32mI (63) boot: ## Label            Usage          Type ST Offset   Length[0m
[0;32mI (71) boot:  0 nvs              WiFi data        01 02 00009000 00006000[0m
[0;32mI (78) boot:  1 phy_init         RF data          01 01 0000f000 00001000[0m
[0;32mI (86) boot:  2 factory          factory app      00 00 00010000 00100000[0m
[0;32mI (93) boot: End of partition table[0m
[0;32mI (97) esp_image: segment 0: paddr=00010020 vaddr=3f400020 size=0ad7ch ( 44412) map[0m
[0;32mI (121) esp_image: segment 1: paddr=0001ada4 vaddr=3ffb0000 size=02298h (  8856) load[0m
[0;32mI (125) esp_image: segment 2: paddr=0001d044 vaddr=40080000 size=02fd4h ( 12244) load[0m
[0;32mI (132) esp_image: segment 3: paddr=00020020 vaddr=400d0020 size=1538ch ( 86924) map[0m
[0;32mI (165) esp_image: segment 4: paddr=000353b4 vaddr=40082fd4 size=0acfch ( 44284) load[0m
[0;32mI (190) boot: Loaded app from partition at offset 0x10000[0m
[0;32mI (190) boot: Disabling RNG early entropy source...[0m
[0;32mI (201) cpu_start: Multicore app[0m
[0;32mI (210) cpu_start: Pro cpu start user code[0m
[0;32mI (210) cpu_start: cpu freq: 160000000 Hz[0m
[0;32mI (210) cpu_start: Application information:[0m
[0;32mI (213) cpu_start: Project name:     slave_content[0m
[0;32mI (219) cpu_start: App version:      42813d6-dirty[0m
[0;32mI (224) cpu_start: Compile time:     Apr 10 2024 14:28:01[0m
[0;32mI (230) cpu_start: ELF file SHA256:  a3bebcb80...[0m
[0;32mI (235) cpu_start: ESP-IDF:          v5.3-dev-1922-g5454d37d49[0m
[0;32mI (242) cpu_start: Min chip rev:     v0.0[0m
[0;32mI (247) cpu_start: Max chip rev:     v3.99 [0m
[0;32mI (252) cpu_start: Chip rev:         v3.1[0m
[0;32mI (257) heap_init: Initializing. RAM available for dynamic allocation:[0m
[0;32mI (264) heap_init: At 3FFAE6E0 len 00001920 (6 KiB): DRAM[0m
[0;32mI (270) heap_init: At 3FFB2B60 len 0002D4A0 (181 KiB): DRAM[0m
[0;32mI (276) heap_init: At 3FFE0440 len 00003AE0 (14 KiB): D/IRAM[0m
[0;32mI (282) heap_init: At 3FFE4350 len 0001BCB0 (111 KiB): D/IRAM[0m
[0;32mI (289) heap_init: At 4008DCD0 len 00012330 (72 KiB): IRAM[0m
[0;32mI (296) spi_flash: detected chip: generic[0m
[0;32mI (299) spi_flash: flash io: dio[0m
[0;33mW (303) spi_flash: Detected size(4096k) larger than the size in the binary image header(2048k). Using the size in the binary image header.[0m
[0;33mW (316) i2c: This driver is an old driver, please migrate your application code to adapt `driver/i2c_master.h`[0m
[0;32mI (328) main_task: Started on CPU0[0m
[0;32mI (338) main_task: Calling app_main()[0m
I2C slave initialized successfully
Received data: 170
