ets Jul 29 2019 12:21:46

rst:0x1 (POWERON_RESET),boot:0x13 (SPI_FAST_FLASH_BOOT)
configsip: 0, SPIWP:0xee
clk_drv:0x00,q_drv:0x00,d_drv:0x00,cs0_drv:0x00,hd_drv:0x00,wp_drv:0x00
mode:DIO, clock div:2
load:0x3fff0030,len:7172
load:0x40078000,len:15556
load:0x40080400,len:4
ho 8 tail 4 room 4
load:0x40080404,len:3904
entry 0x40080640
[0;32mI (31) boot: ESP-IDF v5.3-dev-1922-g5454d37d49 2nd stage bootloader[0m
[0;32mI (31) boot: compile time May 14 2024 08:17:40[0m
[0;32mI (33) boot: Multicore bootloader[0m
[0;32mI (37) boot: chip revision: v3.1[0m
[0;32mI (41) boot.esp32: SPI Speed      : 40MHz[0m
[0;32mI (45) boot.esp32: SPI Mode       : DIO[0m
[0;32mI (50) boot.esp32: SPI Flash Size : 2MB[0m
[0;32mI (54) boot: Enabling RNG early entropy source...[0m
[0;32mI (60) boot: Partition Table:[0m
[0;32mI (63) boot: ## Label            Usage          Type ST Offset   Length[0m
[0;32mI (71) boot:  0 nvs              WiFi data        01 02 00009000 00006000[0m
[0;32mI (78) boot:  1 phy_init         RF data          01 01 0000f000 00001000[0m
[0;32mI (86) boot:  2 factory          factory app      00 00 00010000 00100000[0m
[0;32mI (93) boot: End of partition table[0m
[0;32mI (97) esp_image: segment 0: paddr=00010020 vaddr=3f400020 size=0ade4h ( 44516) map[0m
[0;32mI (121) esp_image: segment 1: paddr=0001ae0c vaddr=3ffb0000 size=02298h (  8856) load[0m
[0;32mI (125) esp_image: segment 2: paddr=0001d0ac vaddr=40080000 size=02f6ch ( 12140) load[0m
[0;32mI (132) esp_image: segment 3: paddr=00020020 vaddr=400d0020 size=15508h ( 87304) map[0m
[0;32mI (165) esp_image: segment 4: paddr=00035530 vaddr=40082f6c size=0ad64h ( 44388) load[0m
[0;32mI (190) boot: Loaded app from partition at offset 0x10000[0m
[0;32mI (190) boot: Disabling RNG early entropy source...[0m
[0;32mI (201) cpu_start: Multicore app[0m
[0;32mI (210) cpu_start: Pro cpu start user code[0m
[0;32mI (210) cpu_start: cpu freq: 160000000 Hz[0m
[0;32mI (210) cpu_start: Application information:[0m
[0;32mI (213) cpu_start: Project name:     slave2_test[0m
[0;32mI (219) cpu_start: App version:      3b0e770-dirty[0m
[0;32mI (224) cpu_start: Compile time:     May 14 2024 08:17:34[0m
[0;32mI (230) cpu_start: ELF file SHA256:  779fea22f...[0m
[0;32mI (235) cpu_start: ESP-IDF:          v5.3-dev-1922-g5454d37d49[0m
[0;32mI (242) cpu_start: Min chip rev:     v0.0[0m
[0;32mI (247) cpu_start: Max chip rev:     v3.99 [0m
[0;32mI (252) cpu_start: Chip rev:         v3.1[0m
[0;32mI (257) heap_init: Initializing. RAM available for dynamic allocation:[0m
[0;32mI (264) heap_init: At 3FFAE6E0 len 00001920 (6 KiB): DRAM[0m
[0;32mI (270) heap_init: At 3FFB2B68 len 0002D498 (181 KiB): DRAM[0m
[0;32mI (276) heap_init: At 3FFE0440 len 00003AE0 (14 KiB): D/IRAM[0m
[0;32mI (282) heap_init: At 3FFE4350 len 0001BCB0 (111 KiB): D/IRAM[0m
[0;32mI (289) heap_init: At 4008DCD0 len 00012330 (72 KiB): IRAM[0m
[0;32mI (296) spi_flash: detected chip: generic[0m
[0;32mI (299) spi_flash: flash io: dio[0m
[0;33mW (303) spi_flash: Detected size(4096k) larger than the size in the binary image header(2048k). Using the size in the binary image header.[0m
[0;33mW (316) i2c: This driver is an old driver, please migrate your application code to adapt `driver/i2c_master.h`[0m
[0;32mI (328) main_task: Started on CPU0[0m
[0;32mI (338) main_task: Calling app_main()[0m
ets Jul 29 2019 12:21:46

rst:0x8 (TG1WDT_SYS_RESET),boot:0x13 (SPI_FAST_FLASH_BOOT)
configsip: 0, SPIWP:0xee
clk_drv:0x00,q_drv:0x00,d_drv:0x00,cs0_drv:0x00,hd_drv:0x00,wp_drv:0x00
mode:DIO, clock div:2
load:0x3fff0030,len:7172
load:0x40078000,len:15556
load:0x40080400,len:4
ho 8 tail 4 room 4
load:0x40080404,len:3904
entry 0x40080640
[0;32mI (61) boot: ESP-IDF v5.3-dev-1922-g5454d37d49 2nd stage bootloader[0m
[0;32mI (61) boot: compile time May 14 2024 08:17:40[0m
[0;32mI (64) boot: Multicore bootloader[0m
[0;32mI (68) boot: chip revision: v3.1[0m
[0;32mI (72) boot.esp32: SPI Speed      : 40MHz[0m
[0;32mI (77) boot.esp32: SPI Mode       : DIO[0m
[0;32mI (81) boot.esp32: SPI Flash Size : 2MB[0m
[0;33mW (86) boot.esp32: PRO CPU has been reset by WDT.[0m
[0;33mW (91) boot.esp32: WDT reset info: PRO CPU PC=0x400819b2[0m
[0;33mW (97) boot.esp32: WDT reset info: APP CPU PC=0x4008dad0[0m
[0;32mI (103) boot: Enabling RNG early entropy source...[0m
[0;32mI (108) boot: Partition Table:[0m
[0;32mI (112) boot: ## Label            Usage          Type ST Offset   Length[0m
[0;32mI (119) boot:  0 nvs              WiFi data        01 02 00009000 00006000[0m
[0;32mI (127) boot:  1 phy_init         RF data          01 01 0000f000 00001000[0m
[0;32mI (135) boot:  2 factory          factory app      00 00 00010000 00100000[0m
[0;32mI (142) boot: End of partition table[0m
[0;32mI (146) esp_image: segment 0: paddr=00010020 vaddr=3f400020 size=0ade4h ( 44516) map[0m
[0;32mI (170) esp_image: segment 1: paddr=0001ae0c vaddr=3ffb0000 size=02298h (  8856) load[0m
[0;32mI (174) esp_image: segment 2: paddr=0001d0ac vaddr=40080000 size=02f6ch ( 12140) load[0m
[0;32mI (181) esp_image: segment 3: paddr=00020020 vaddr=400d0020 size=15508h ( 87304) map[0m
[0;32mI (214) esp_image: segment 4: paddr=00035530 vaddr=40082f6c size=0ad64h ( 44388) load[0m
[0;32mI (239) boot: Loaded app from partition at offset 0x10000[0m
[0;32mI (239) boot: Disabling RNG early entropy source...[0m
[0;32mI (251) cpu_start: Multicore app[0m
[0;32mI (259) cpu_start: Pro cpu start user code[0m
[0;32mI (259) cpu_start: cpu freq: 160000000 Hz[0m
[0;32mI (259) cpu_start: Application information:[0m
[0;32mI (262) cpu_start: Project name:     slave2_test[0m
[0;32mI (268) cpu_start: App version:      3b0e770-dirty[0m
[0;32mI (273) cpu_start: Compile time:     May 14 2024 08:17:34[0m
[0;32mI (279) cpu_start: ELF file SHA256:  779fea22f...[0m
[0;32mI (285) cpu_start: ESP-IDF:          v5.3-dev-1922-g5454d37d49[0m
[0;32mI (291) cpu_start: Min chip rev:     v0.0[0m
[0;32mI (296) cpu_start: Max chip rev:     v3.99 [0m
[0;32mI (301) cpu_start: Chip rev:         v3.1[0m
[0;32mI (306) heap_init: Initializing. RAM available for dynamic allocation:[0m
[0;32mI (313) heap_init: At 3FFAE6E0 len 00001920 (6 KiB): DRAM[0m
[0;32mI (319) heap_init: At 3FFB2B68 len 0002D498 (181 KiB): DRAM[0m
[0;32mI (325) heap_init: At 3FFE0440 len 00003AE0 (14 KiB): D/IRAM[0m
[0;32mI (331) heap_init: At 3FFE4350 len 0001BCB0 (111 KiB): D/IRAM[0m
[0;32mI (338) heap_init: At 4008DCD0 len 00012330 (72 KiB): IRAM[0m
[0;32mI (345) spi_flash: detected chip: generic[0m
[0;32mI (349) spi_flash: flash io: dio[0m
[0;33mW (353) spi_flash: Detected size(4096k) larger than the size in the binary image header(2048k). Using the size in the binary image header.[0m
[0;33mW (366) i2c: This driver is an old driver, please migrate your application code to adapt `driver/i2c_master.h`[0m
[0;32mI (377) main_task: Started on CPU0[0m
[0;32mI (387) main_task: Calling app_main()[0m
ets Jul 29 2019 12:21:46

rst:0x8 (TG1WDT_SYS_RESET),boot:0x13 (SPI_FAST_FLASH_BOOT)
configsip: 0, SPIWP:0xee
clk_drv:0x00,q_drv:0x00,d_drv:0x00,cs0_drv:0x00,hd_drv:0x00,wp_drv:0x00
mode:DIO, clock div:2
load:0x3fff0030,len:7172
load:0x40078000,len:15556
load:0x40080400,len:4
ho 8 tail 4 room 4
load:0x40080404,len:3904
entry 0x40080640
[0;32mI (61) boot: ESP-IDF v5.3-dev-1922-g5454d37d49 2nd stage bootloader[0m
[0;32mI (61) boot: compile time May 14 2024 08:17:40[0m
[0;32mI (64) boot: Multicore bootloader[0m
[0;32mI (68) boot: chip revision: v3.1[0m
[0;32mI (72) boot.esp32: SPI Speed      : 40MHz[0m
[0;32mI (77) boot.esp32: SPI Mode       : DIO[0m
[0;32mI (81) boot.esp32: SPI Flash Size : 2MB[0m
[0;33mW (86) boot.esp32: PRO CPU has been reset by WDT.[0m
[0;33mW (91) boot.esp32: WDT reset info: PRO CPU PC=0x400819b2[0m
[0;33mW (97) boot.esp32: WDT reset info: APP CPU PC=0x4008dacd[0m
[0;32mI (103) boot: Enabling RNG early entropy source...[0m
[0;32mI (108) boot: Partition Table:[0m
[0;32mI (112) boot: ## Label            Usage          Type ST Offset   Length[0m
[0;32mI (119) boot:  0 nvs              WiFi data        01 02 00009000 00006000[0m
[0;32mI (127) boot:  1 phy_init         RF data          01 01 0000f000 00001000[0m
[0;32mI (135) boot:  2 factory          factory app      00 00 00010000 00100000[0m
[0;32mI (142) boot: End of partition table[0m
[0;32mI (146) esp_image: segment 0: paddr=00010020 vaddr=3f400020 size=0ade4h ( 44516) map[0m
[0;32mI (170) esp_image: segment 1: paddr=0001ae0c vaddr=3ffb0000 size=02298h (  8856) load[0m
[0;32mI (174) esp_image: segment 2: paddr=0001d0ac vaddr=40080000 size=02f6ch ( 12140) load[0m
[0;32mI (181) esp_image: segment 3: paddr=00020020 vaddr=400d0020 size=15508h ( 87304) map[0m
[0;32mI (214) esp_image: segment 4: paddr=00035530 vaddr=40082f6c size=0ad64h ( 44388) load[0m
[0;32mI (239) boot: Loaded app from partition at offset 0x10000[0m
[0;32mI (239) boot: Disabling RNG early entropy source...[0m
[0;32mI (251) cpu_start: Multicore app[0m
[0;32mI (259) cpu_start: Pro cpu start user code[0m
[0;32mI (259) cpu_start: cpu freq: 160000000 Hz[0m
[0;32mI (259) cpu_start: Application information:[0m
[0;32mI (262) cpu_start: Project name:     slave2_test[0m
[0;32mI (268) cpu_start: App version:      3b0e770-dirty[0m
[0;32mI (273) cpu_start: Compile time:     May 14 2024 08:17:34[0m
[0;32mI (279) cpu_start: ELF file SHA256:  779fea22f...[0m
[0;32mI (285) cpu_start: ESP-IDF:          v5.3-dev-1922-g5454d37d49[0m
[0;32mI (291) cpu_start: Min chip rev:     v0.0[0m
[0;32mI (296) cpu_start: Max chip rev:     v3.99 [0m
[0;32mI (301) cpu_start: Chip rev:         v3.1[0m
[0;32mI (306) heap_init: Initializing. RAM available for dynamic allocation:[0m
[0;32mI (313) heap_init: At 3FFAE6E0 len 00001920 (6 KiB): DRAM[0m
[0;32mI (319) heap_init: At 3FFB2B68 len 0002D498 (181 KiB): DRAM[0m
[0;32mI (325) heap_init: At 3FFE0440 len 00003AE0 (14 KiB): D/IRAM[0m
[0;32mI (331) heap_init: At 3FFE4350 len 0001BCB0 (111 KiB): D/IRAM[0m
[0;32mI (338) heap_init: At 4008DCD0 len 00012330 (72 KiB): IRAM[0m
[0;32mI (345) spi_flash: detected chip: generic[0m
[0;32mI (349) spi_flash: flash io: dio[0m
[0;33mW (352) spi_flash: Detected size(4096k) larger than the size in the binary image header(2048k). Using the size in the binary image header.[0m
[0;33mW (366) i2c: This driver is an old driver, please migrate your application code to adapt `driver/i2c_master.h`[0m
[0;32mI (377) main_task: Started on CPU0[0m
[0;32mI (387) main_task: Calling app_main()[0m
