[0;32mI (240) heap_init: At 50000010 len 00001FD8 (7 KiESP-ROM:esp32c3-api1-20210207
Build:Feb  7 2021
rst:0x15 (USB_UART_CHIP_RESET),boot:0xf (SPI_FAST_FLASH_BOOT)
Saved PC:0x4004c0d4
SPIWP:0xee
mode:DIO, clock div:1
load:0x3fcd5820,len:0x1738
load:0x403cc710,len:0xb9c
load:0x403ce710,len:0x2e40
entry 0x403cc71a
[0;32mI (24) boot: ESP-IDF v5.3-dev-1922-g5454d37d49 2nd stage bootloader[0m
[0;32mI (24) boot: compile time May 10 2024 14:43:24[0m
[0;32mI (25) boot: chip revision: v0.4[0m
[0;32mI (29) boot.esp32c3: SPI Speed      : 80MHz[0m
[0;32mI (34) boot.esp32c3: SPI Mode       : DIO[0m
[0;32mI (38) boot.esp32c3: SPI Flash Size : 2MB[0m
[0;32mI (43) boot: Enabling RNG early entropy source...[0m
[0;32mI (49) boot: Partition Table:[0m
[0;32mI (52) boot: ## Label            Usage          Type ST Offset   Length[0m
[0;32mI (59) boot:  0 nvs              WiFi data        01 02 00009000 00006000[0m
[0;32mI (67) boot:  1 phy_init         RF data          01 01 0000f000 00001000[0m
[0;32mI (74) boot:  2 factory          factory app      00 00 00010000 00100000[0m
[0;32mI (82) boot: End of partition table[0m
[0;32mI (86) esp_image: segment 0: paddr=00010020 vaddr=3c020020 size=0ada8h ( 44456) map[0m
[0;32mI (101) esp_image: segment 1: paddr=0001add0 vaddr=3fc8c600 size=012cch (  4812) load[0m
[0;32mI (104) esp_image: segment 2: paddr=0001c0a4 vaddr=40380000 size=03f74h ( 16244) load[0m
[0;32mI (114) esp_image: segment 3: paddr=00020020 vaddr=42000020 size=18ca8h (101544) map[0m
[0;32mI (136) esp_image: segment 4: paddr=00038cd0 vaddr=40383f74 size=085ech ( 34284) load[0m
[0;32mI (146) boot: Loaded app from partition at offset 0x10000[0m
[0;32mI (146) boot: Disabling RNG early entropy source...[0m
[0;32mI (158) cpu_start: Unicore app[0m
[0;32mI (166) cpu_start: Pro cpu start user code[0m
[0;32mI (166) cpu_start: cpu freq: 160000000 Hz[0m
[0;32mI (167) cpu_start: Application information:[0m
[0;32mI (169) cpu_start: Project name:     slave2_test[0m
[0;32mI (175) cpu_start: App version:      3765bd3-dirty[0m
[0;32mI (180) cpu_start: Compile time:     May 10 2024 14:43:18[0m
[0;32mI (186) cpu_start: ELF file SHA256:  961bee873...[0m
[0;32mI (192) cpu_start: ESP-IDF:          v5.3-dev-1922-g5454d37d49[0m
[0;32mI (198) cpu_start: Min chip rev:     v0.3[0m
[0;32mI (203) cpu_start: Max chip rev:     v1.99 [0m
[0;32mI (208) cpu_start: Chip rev:         v0.4[0m
[0;32mI (212) heap_init: Initializing. RAM available for dynamic allocation:[0m
[0;32mI (220) heap_init: At 3FC8E880 len 00031780 (197 KiB): RAM[0m
[0;32mI (226) heap_init: At 3FCC0000 len 0001C710 (113 KiB): Retention RAM[0m
[0;32mI (233) heap_init: At 3FCDC710 len 00002950 (10 KiB): Retention RAM[0m
[0;32mI (240) heap_init: At 50000010 len 00001FD8 (7 KiB): RTCRAM[0m
[0;32mI (247) spi_flash: detected chip: generic[0m
[0;32mI (251) spi_flash: flash io: dio[0m
[0;33mW (255) spi_flash: Detected size(4096k) larger than the size in the binary image header(2048k). Using the size in the binary image header.[0m
[0;33mW (268) i2c: This driver is an old driver, please migrate your application code to adapt `driver/i2c_master.h`[0m
[0;32mI (279) sleep: Configure to isolate all GPIO pins in sleep state[0m
[0;32mI (285) sleep: Enable automatic switching of GPIO sleep configuration[0m
[0;32mI (293) main_task: Started on CPU0[0m
[0;32mI (293) main_task: Calling app_main()[0m
Slave device initialized successfully
inside of while loop
inside of while loop
inside of while loop
inside of while loop
inside of while loop
inside of while loop
CAMERA START command received, performing action...
Action completed, status updated.
inside of while loop
inside of while loop
inside of while loop
inside of while loop
inside of while loop
inside of while loop
inside of while loop
